src/app/modules/notification/notification.controller.ts(180,32): error TS2551: Property 'createNotificationForEvent' does not exist on type '{ createNotification: (payload: CreateNotificationDto, sendEmail?: boolean) => Promise<INotification>; sendNotificationEmail: (notification: INotification) => Promise<...>; ... 10 more ...; sendManualNotification: (payload: CreateNotificationDto) => Promise<...>; }'. Did you mean 'createNotification'?
src/app/modules/payment/payment.controller.ts(16,42): error TS2339: Property 'createCheckoutSession' does not exist on type '{ getAllPayments: (user: JwtPayload, filterables: IPaymentFilterables, pagination: IPaginationOptions) => Promise<{ meta: { page: number; limit: number; total: number; totalPages: number; }; data: (Document<...> & ... 2 more ... & { ...; })[]; }>; ... 5 more ...; createEphemeralKey: (user: any, apiVersion?: string) ...'.
src/app/modules/payment/payment.controller.ts(30,42): error TS2339: Property 'verifyCheckoutSession' does not exist on type '{ getAllPayments: (user: JwtPayload, filterables: IPaymentFilterables, pagination: IPaginationOptions) => Promise<{ meta: { page: number; limit: number; total: number; totalPages: number; }; data: (Document<...> & ... 2 more ... & { ...; })[]; }>; ... 5 more ...; createEphemeralKey: (user: any, apiVersion?: string) ...'.
src/app/modules/payment/payment.controller.ts(122,42): error TS2339: Property 'createPaymentIntent' does not exist on type '{ getAllPayments: (user: JwtPayload, filterables: IPaymentFilterables, pagination: IPaginationOptions) => Promise<{ meta: { page: number; limit: number; total: number; totalPages: number; }; data: (Document<...> & ... 2 more ... & { ...; })[]; }>; ... 5 more ...; createEphemeralKey: (user: any, apiVersion?: string) ...'.
src/app/modules/stats/stats.service.ts(265,50): error TS2551: Property 'toISOString' does not exist on type 'string'. Did you mean 'toString'?
